ubuntu@ubuntu:~$ sudo apt -get update
[sudo] password for ubuntu: 
E: Command line option 'g' [from -get] is not understood in combination with the other options.
ubuntu@ubuntu:~$ sudo apt-get update
Hit:1 http://us.archive.ubuntu.com/ubuntu focal InRelease                      
Get:2 http://security.ubuntu.com/ubuntu focal-security InRelease [109 kB]      
Get:3 http://us.archive.ubuntu.com/ubuntu focal-updates InRelease [114 kB]
Get:4 http://security.ubuntu.com/ubuntu focal-security/main amd64 DEP-11 Metadata [24.4 kB]
Get:5 http://us.archive.ubuntu.com/ubuntu focal-backports InRelease [101 kB] 
Get:6 http://security.ubuntu.com/ubuntu focal-security/universe amd64 Packages [565 kB]
Get:7 http://us.archive.ubuntu.com/ubuntu focal-updates/main amd64 DEP-11 Metadata [265 kB]
Get:8 http://us.archive.ubuntu.com/ubuntu focal-updates/universe amd64 Packages [773 kB]
Get:9 http://security.ubuntu.com/ubuntu focal-security/universe i386 Packages [448 kB]
Get:10 http://security.ubuntu.com/ubuntu focal-security/universe amd64 DEP-11 Metadata [58.3 kB]
Get:11 http://security.ubuntu.com/ubuntu focal-security/universe amd64 c-n-f Metadata [11.0 kB]
Get:12 http://us.archive.ubuntu.com/ubuntu focal-updates/universe i386 Packages [571 kB]
Get:13 http://us.archive.ubuntu.com/ubuntu focal-updates/universe amd64 DEP-11 Metadata [303 kB]
Get:14 http://us.archive.ubuntu.com/ubuntu focal-updates/universe amd64 c-n-f Metadata [17.3 kB]
Get:15 http://us.archive.ubuntu.com/ubuntu focal-updates/multiverse amd64 DEP-11 Metadata [2,468 B]
Get:16 http://us.archive.ubuntu.com/ubuntu focal-backports/universe amd64 DEP-11 Metadata [1,768 B]
Fetched 3,364 kB in 9s (389 kB/s)                                              
Reading package lists... Done
ubuntu@ubuntu:~$ sudo apt-get install mysql-server
Reading package lists... Done
Building dependency tree       
Reading state information... Done
The following additional packages will be installed:
  libaio1 libcgi-fast-perl libcgi-pm-perl libevent-core-2.1-7
  libevent-pthreads-2.1-7 libfcgi-perl libhtml-template-perl libmecab2
  mecab-ipadic mecab-ipadic-utf8 mecab-utils mysql-client-8.0
  mysql-client-core-8.0 mysql-server-8.0 mysql-server-core-8.0
Suggested packages:
  libipc-sharedcache-perl mailx tinyca
The following NEW packages will be installed:
  libaio1 libcgi-fast-perl libcgi-pm-perl libevent-core-2.1-7
  libevent-pthreads-2.1-7 libfcgi-perl libhtml-template-perl libmecab2
  mecab-ipadic mecab-ipadic-utf8 mecab-utils mysql-client-8.0
  mysql-client-core-8.0 mysql-server mysql-server-8.0 mysql-server-core-8.0
0 upgraded, 16 newly installed, 0 to remove and 4 not upgraded.
Need to get 30.6 MB of archives.
After this operation, 249 MB of additional disk space will be used.
Do you want to continue? [Y/n] y
Get:1 http://us.archive.ubuntu.com/ubuntu focal-updates/main amd64 mysql-client-core-8.0 amd64 8.0.23-0ubuntu0.20.04.1 [4,215 kB]
Get:2 http://us.archive.ubuntu.com/ubuntu focal-updates/main amd64 mysql-client-8.0 amd64 8.0.23-0ubuntu0.20.04.1 [22.0 kB]
Get:3 http://us.archive.ubuntu.com/ubuntu focal/main amd64 libaio1 amd64 0.3.112-5 [7,184 B]
Get:4 http://us.archive.ubuntu.com/ubuntu focal/main amd64 libevent-core-2.1-7 amd64 2.1.11-stable-1 [89.1 kB]
Get:5 http://us.archive.ubuntu.com/ubuntu focal/main amd64 libevent-pthreads-2.1-7 amd64 2.1.11-stable-1 [7,372 B]
Get:6 http://us.archive.ubuntu.com/ubuntu focal/main amd64 libmecab2 amd64 0.996-10build1 [233 kB]
Get:7 http://us.archive.ubuntu.com/ubuntu focal-updates/main amd64 mysql-server-core-8.0 amd64 8.0.23-0ubuntu0.20.04.1 [17.7 MB]
Get:8 http://us.archive.ubuntu.com/ubuntu focal-updates/main amd64 mysql-server-8.0 amd64 8.0.23-0ubuntu0.20.04.1 [1,275 kB]
Get:9 http://us.archive.ubuntu.com/ubuntu focal/main amd64 libcgi-pm-perl all 4.46-1 [186 kB]
Get:10 http://us.archive.ubuntu.com/ubuntu focal/main amd64 libfcgi-perl amd64 0.79-1 [33.1 kB]
Get:11 http://us.archive.ubuntu.com/ubuntu focal/main amd64 libcgi-fast-perl all 1:2.15-1 [10.5 kB]
Get:12 http://us.archive.ubuntu.com/ubuntu focal/main amd64 libhtml-template-perl all 2.97-1 [59.0 kB]
Get:13 http://us.archive.ubuntu.com/ubuntu focal/main amd64 mecab-utils amd64 0.996-10build1 [4,912 B]
Get:14 http://us.archive.ubuntu.com/ubuntu focal/main amd64 mecab-ipadic all 2.7.0-20070801+main-2.1 [6,714 kB]
Get:15 http://us.archive.ubuntu.com/ubuntu focal/main amd64 mecab-ipadic-utf8 all 2.7.0-20070801+main-2.1 [4,380 B]
Get:16 http://us.archive.ubuntu.com/ubuntu focal-updates/main amd64 mysql-server all 8.0.23-0ubuntu0.20.04.1 [9,548 B]
Fetched 30.6 MB in 1min 47s (285 kB/s)                                         
Preconfiguring packages ...
Selecting previously unselected package mysql-client-core-8.0.
(Reading database ... 189299 files and directories currently installed.)
Preparing to unpack .../00-mysql-client-core-8.0_8.0.23-0ubuntu0.20.04.1_amd64.deb ...
Unpacking mysql-client-core-8.0 (8.0.23-0ubuntu0.20.04.1) ...
Selecting previously unselected package mysql-client-8.0.
Preparing to unpack .../01-mysql-client-8.0_8.0.23-0ubuntu0.20.04.1_amd64.deb ...
Unpacking mysql-client-8.0 (8.0.23-0ubuntu0.20.04.1) ...
Selecting previously unselected package libaio1:amd64.
Preparing to unpack .../02-libaio1_0.3.112-5_amd64.deb ...
Unpacking libaio1:amd64 (0.3.112-5) ...
Selecting previously unselected package libevent-core-2.1-7:amd64.
Preparing to unpack .../03-libevent-core-2.1-7_2.1.11-stable-1_amd64.deb ...
Unpacking libevent-core-2.1-7:amd64 (2.1.11-stable-1) ...
Selecting previously unselected package libevent-pthreads-2.1-7:amd64.
Preparing to unpack .../04-libevent-pthreads-2.1-7_2.1.11-stable-1_amd64.deb ...
Unpacking libevent-pthreads-2.1-7:amd64 (2.1.11-stable-1) ...
Selecting previously unselected package libmecab2:amd64.
Preparing to unpack .../05-libmecab2_0.996-10build1_amd64.deb ...
Unpacking libmecab2:amd64 (0.996-10build1) ...
Selecting previously unselected package mysql-server-core-8.0.
Preparing to unpack .../06-mysql-server-core-8.0_8.0.23-0ubuntu0.20.04.1_amd64.deb ...
Unpacking mysql-server-core-8.0 (8.0.23-0ubuntu0.20.04.1) ...
Selecting previously unselected package mysql-server-8.0.
Preparing to unpack .../07-mysql-server-8.0_8.0.23-0ubuntu0.20.04.1_amd64.deb ...
Unpacking mysql-server-8.0 (8.0.23-0ubuntu0.20.04.1) ...
Selecting previously unselected package libcgi-pm-perl.
Preparing to unpack .../08-libcgi-pm-perl_4.46-1_all.deb ...
Unpacking libcgi-pm-perl (4.46-1) ...
Selecting previously unselected package libfcgi-perl.
Preparing to unpack .../09-libfcgi-perl_0.79-1_amd64.deb ...
Unpacking libfcgi-perl (0.79-1) ...
Selecting previously unselected package libcgi-fast-perl.
Preparing to unpack .../10-libcgi-fast-perl_1%3a2.15-1_all.deb ...
Unpacking libcgi-fast-perl (1:2.15-1) ...
Selecting previously unselected package libhtml-template-perl.
Preparing to unpack .../11-libhtml-template-perl_2.97-1_all.deb ...
Unpacking libhtml-template-perl (2.97-1) ...
Selecting previously unselected package mecab-utils.
Preparing to unpack .../12-mecab-utils_0.996-10build1_amd64.deb ...
Unpacking mecab-utils (0.996-10build1) ...
Selecting previously unselected package mecab-ipadic.
Preparing to unpack .../13-mecab-ipadic_2.7.0-20070801+main-2.1_all.deb ...
Unpacking mecab-ipadic (2.7.0-20070801+main-2.1) ...
Selecting previously unselected package mecab-ipadic-utf8.
Preparing to unpack .../14-mecab-ipadic-utf8_2.7.0-20070801+main-2.1_all.deb ...
Unpacking mecab-ipadic-utf8 (2.7.0-20070801+main-2.1) ...
Selecting previously unselected package mysql-server.
Preparing to unpack .../15-mysql-server_8.0.23-0ubuntu0.20.04.1_all.deb ...
Unpacking mysql-server (8.0.23-0ubuntu0.20.04.1) ...
Setting up libmecab2:amd64 (0.996-10build1) ...
Setting up mysql-client-core-8.0 (8.0.23-0ubuntu0.20.04.1) ...
Setting up libcgi-pm-perl (4.46-1) ...
Setting up libhtml-template-perl (2.97-1) ...
Setting up mecab-utils (0.996-10build1) ...
Setting up libevent-core-2.1-7:amd64 (2.1.11-stable-1) ...
Setting up mysql-client-8.0 (8.0.23-0ubuntu0.20.04.1) ...
Setting up libfcgi-perl (0.79-1) ...
Setting up libaio1:amd64 (0.3.112-5) ...
Setting up libevent-pthreads-2.1-7:amd64 (2.1.11-stable-1) ...
Setting up mecab-ipadic (2.7.0-20070801+main-2.1) ...
Compiling IPA dictionary for Mecab.  This takes long time...
reading /usr/share/mecab/dic/ipadic/unk.def ... 40
emitting double-array: 100% |###########################################| 
/usr/share/mecab/dic/ipadic/model.def is not found. skipped.
reading /usr/share/mecab/dic/ipadic/Others.csv ... 2
reading /usr/share/mecab/dic/ipadic/Noun.others.csv ... 151
reading /usr/share/mecab/dic/ipadic/Noun.verbal.csv ... 12146
reading /usr/share/mecab/dic/ipadic/Noun.adjv.csv ... 3328
reading /usr/share/mecab/dic/ipadic/Suffix.csv ... 1393
reading /usr/share/mecab/dic/ipadic/Verb.csv ... 130750
reading /usr/share/mecab/dic/ipadic/Auxil.csv ... 199
reading /usr/share/mecab/dic/ipadic/Filler.csv ... 19
reading /usr/share/mecab/dic/ipadic/Adverb.csv ... 3032
reading /usr/share/mecab/dic/ipadic/Postp.csv ... 146
reading /usr/share/mecab/dic/ipadic/Conjunction.csv ... 171
reading /usr/share/mecab/dic/ipadic/Postp-col.csv ... 91
reading /usr/share/mecab/dic/ipadic/Noun.adverbal.csv ... 795
reading /usr/share/mecab/dic/ipadic/Noun.proper.csv ... 27328
reading /usr/share/mecab/dic/ipadic/Noun.name.csv ... 34202
reading /usr/share/mecab/dic/ipadic/Noun.org.csv ... 16668
reading /usr/share/mecab/dic/ipadic/Noun.csv ... 60477
reading /usr/share/mecab/dic/ipadic/Symbol.csv ... 208
reading /usr/share/mecab/dic/ipadic/Noun.place.csv ... 72999
reading /usr/share/mecab/dic/ipadic/Noun.number.csv ... 42
reading /usr/share/mecab/dic/ipadic/Adnominal.csv ... 135
reading /usr/share/mecab/dic/ipadic/Prefix.csv ... 221
reading /usr/share/mecab/dic/ipadic/Interjection.csv ... 252
reading /usr/share/mecab/dic/ipadic/Noun.nai.csv ... 42
reading /usr/share/mecab/dic/ipadic/Adj.csv ... 27210
reading /usr/share/mecab/dic/ipadic/Noun.demonst.csv ... 120
emitting double-array: 100% |###########################################| 
reading /usr/share/mecab/dic/ipadic/matrix.def ... 1316x1316
emitting matrix      : 100% |###########################################| 

done!
update-alternatives: using /var/lib/mecab/dic/ipadic to provide /var/lib/mecab/dic/debian (mecab-dictionary) in auto mode
Setting up libcgi-fast-perl (1:2.15-1) ...
Setting up mysql-server-core-8.0 (8.0.23-0ubuntu0.20.04.1) ...
Setting up mecab-ipadic-utf8 (2.7.0-20070801+main-2.1) ...
Compiling IPA dictionary for Mecab.  This takes long time...
reading /usr/share/mecab/dic/ipadic/unk.def ... 40
emitting double-array: 100% |###########################################| 
/usr/share/mecab/dic/ipadic/model.def is not found. skipped.
reading /usr/share/mecab/dic/ipadic/Others.csv ... 2
reading /usr/share/mecab/dic/ipadic/Noun.others.csv ... 151
reading /usr/share/mecab/dic/ipadic/Noun.verbal.csv ... 12146
reading /usr/share/mecab/dic/ipadic/Noun.adjv.csv ... 3328
reading /usr/share/mecab/dic/ipadic/Suffix.csv ... 1393
reading /usr/share/mecab/dic/ipadic/Verb.csv ... 130750
reading /usr/share/mecab/dic/ipadic/Auxil.csv ... 199
reading /usr/share/mecab/dic/ipadic/Filler.csv ... 19
reading /usr/share/mecab/dic/ipadic/Adverb.csv ... 3032
reading /usr/share/mecab/dic/ipadic/Postp.csv ... 146
reading /usr/share/mecab/dic/ipadic/Conjunction.csv ... 171
reading /usr/share/mecab/dic/ipadic/Postp-col.csv ... 91
reading /usr/share/mecab/dic/ipadic/Noun.adverbal.csv ... 795
reading /usr/share/mecab/dic/ipadic/Noun.proper.csv ... 27328
reading /usr/share/mecab/dic/ipadic/Noun.name.csv ... 34202
reading /usr/share/mecab/dic/ipadic/Noun.org.csv ... 16668
reading /usr/share/mecab/dic/ipadic/Noun.csv ... 60477
reading /usr/share/mecab/dic/ipadic/Symbol.csv ... 208
reading /usr/share/mecab/dic/ipadic/Noun.place.csv ... 72999
reading /usr/share/mecab/dic/ipadic/Noun.number.csv ... 42
reading /usr/share/mecab/dic/ipadic/Adnominal.csv ... 135
reading /usr/share/mecab/dic/ipadic/Prefix.csv ... 221
reading /usr/share/mecab/dic/ipadic/Interjection.csv ... 252
reading /usr/share/mecab/dic/ipadic/Noun.nai.csv ... 42
reading /usr/share/mecab/dic/ipadic/Adj.csv ... 27210
reading /usr/share/mecab/dic/ipadic/Noun.demonst.csv ... 120
emitting double-array: 100% |###########################################| 
reading /usr/share/mecab/dic/ipadic/matrix.def ... 1316x1316
emitting matrix      : 100% |###########################################| 

done!
update-alternatives: using /var/lib/mecab/dic/ipadic-utf8 to provide /var/lib/mecab/dic/debian (mecab-dictionary) in auto mode
Setting up mysql-server-8.0 (8.0.23-0ubuntu0.20.04.1) ...
update-alternatives: using /etc/mysql/mysql.cnf to provide /etc/mysql/my.cnf (my.cnf) in auto mode
Renaming removed key_buffer and myisam-recover options (if present)
mysqld will log errors to /var/log/mysql/error.log
mysqld is running as pid 6168
Created symlink /etc/systemd/system/multi-user.target.wants/mysql.service → /lib/systemd/system/mysql.service.
Setting up mysql-server (8.0.23-0ubuntu0.20.04.1) ...
Processing triggers for systemd (245.4-4ubuntu3.6) ...
Processing triggers for man-db (2.9.1-1) ...
Processing triggers for libc-bin (2.31-0ubuntu9.2) ...
ubuntu@ubuntu:~$ ps -ef \ grep mysql
error: garbage option

Usage:
 ps [options]

 Try 'ps --help <simple|list|output|threads|misc|all>'
  or 'ps --help <s|l|o|t|m|a>'
 for additional help text.

For more details see ps(1).
ubuntu@ubuntu:~$ ps -ef | grep mysql
mysql       6374       1  0 00:42 ?        00:00:00 /usr/sbin/mysqld
ubuntu      7473    5446  0 00:45 pts/0    00:00:00 grep --color=auto mysql
ubuntu@ubuntu:~$ sudo mysql -u root^C
ubuntu@ubuntu:~$ sudo mysql -u root
Welcome to the MySQL monitor.  Commands end with ; or \g.
Your MySQL connection id is 8
Server version: 8.0.23-0ubuntu0.20.04.1 (Ubuntu)

Copyright (c) 2000, 2021, Oracle and/or its affiliates.

Oracle is a registered trademark of Oracle Corporation and/or its
affiliates. Other names may be trademarks of their respective
owners.

Type 'help;' or '\h' for help. Type '\c' to clear the current input statement.

mysql> .alter user 'root'@'localhost' identified with mysql_native_password by '1111';
ERROR 1064 (42000): You have an error in your SQL syntax; check the manual that corresponds to your MySQL server version for the right syntax to use near '.alter user 'root'@'localhost' identified with mysql_native_password by '1111'' at line 1
mysql> after user 'root'@'localhost' identified with mysql_native_password by '1111';
ERROR 1064 (42000): You have an error in your SQL syntax; check the manual that corresponds to your MySQL server version for the right syntax to use near 'after user 'root'@'localhost' identified with mysql_native_password by '1111'' at line 1
mysql> alter user 'root'@'localhost' identified with mysql_native_password by '1111';
Query OK, 0 rows affected (0.00 sec)

mysql> quit
Bye
ubuntu@ubuntu:~$ sudo mysql -u root
ERROR 1045 (28000): Access denied for user 'root'@'localhost' (using password: NO)
ubuntu@ubuntu:~$ sudo mysql -u root -p
Enter password: 
Welcome to the MySQL monitor.  Commands end with ; or \g.
Your MySQL connection id is 10
Server version: 8.0.23-0ubuntu0.20.04.1 (Ubuntu)

Copyright (c) 2000, 2021, Oracle and/or its affiliates.

Oracle is a registered trademark of Oracle Corporation and/or its
affiliates. Other names may be trademarks of their respective
owners.

Type 'help;' or '\h' for help. Type '\c' to clear the current input statement.

mysql> show databases;
+--------------------+
| Database           |
+--------------------+
| information_schema |
| mysql              |
| performance_schema |
| sys                |
+--------------------+
4 rows in set (0.00 sec)

mysql> create database testdb;
Query OK, 1 row affected (0.00 sec)

mysql> show databasea;
ERROR 1064 (42000): You have an error in your SQL syntax; check the manual that corresponds to your MySQL server version for the right syntax to use near 'databasea' at line 1
mysql> show databases;
+--------------------+
| Database           |
+--------------------+
| information_schema |
| mysql              |
| performance_schema |
| sys                |
| testdb             |
+--------------------+
5 rows in set (0.00 sec)

mysql> use testdb;
Database changed
mysql> show tacles;
ERROR 1064 (42000): You have an error in your SQL syntax; check the manual that corresponds to your MySQL server version for the right syntax to use near 'tacles' at line 1
mysql> show tables;
Empty set (0.01 sec)

mysql> create table sample(
    -> name varchar(10))
    -> name varchar(10));
ERROR 1064 (42000): You have an error in your SQL syntax; check the manual that corresponds to your MySQL server version for the right syntax to use near 'name varchar(10))' at line 3
mysql> create table sample(
    ->     -> name varchar(10))
    -> 
[1]+  Stopped                 sudo mysql -u root -p
ubuntu@ubuntu:~$ fg $1
sudo mysql -u root -p
    -> create table sample(
    ->     -> name varchar(10));
ERROR 1064 (42000): You have an error in your SQL syntax; check the manual that corresponds to your MySQL server version for the right syntax to use near '-> name varchar(10))
create table sample(
    -> name varchar(10))' at line 2
mysql> create table sample(name varchar(10));
Query OK, 0 rows affected (0.01 sec)

mysql> desc sample;
+-------+-------------+------+-----+---------+-------+
| Field | Type        | Null | Key | Default | Extra |
+-------+-------------+------+-----+---------+-------+
| name  | varchar(10) | YES  |     | NULL    |       |
+-------+-------------+------+-----+---------+-------+
1 row in set (0.00 sec)

mysql> drop table sample; 
Query OK, 0 rows affected (0.01 sec)

mysql> create table sample(
    -> name varchar(10) not null,
    -> year int
    -> );
Query OK, 0 rows affected (0.01 sec)

mysql> desc sample;
+-------+-------------+------+-----+---------+-------+
| Field | Type        | Null | Key | Default | Extra |
+-------+-------------+------+-----+---------+-------+
| name  | varchar(10) | NO   |     | NULL    |       |
| year  | int         | YES  |     | NULL    |       |
+-------+-------------+------+-----+---------+-------+
2 rows in set (0.00 sec)

mysql> 
